// Jest Snapshot v1, https://goo.gl/fbAQLP

exports[`Badge should render blank badge with no props 1`] = `
<styled.div
  blank={true}
/>
`;

exports[`Badge should render facebook badge with facebook props 1`] = `
<styled.div
  blank={true}
/>
`;

exports[`Badge should render linkedin badge with linkedin props 1`] = `
<styled.div
  blank={true}
/>
`;
